{
    "-profile test": {
        "content": [
            {
                "software_versions": {
                    "diamond": "2.1.13",
                    "matplotlib": "3.10.8",
                    "pandas": "2.3.3",
                    "python": "3.11.9"
                }
            },
            [
                "clustering",
                "clustering/PANFAM_report.txt",
                "clustering/fasta",
                "clustering/fasta/PANFAM_50.faa.gz",
                "clustering/fasta/PANFAM_80.faa.gz",
                "clustering/fasta/PANFAM_deep.faa.gz",
                "clustering/parquet",
                "clustering/parquet/PANFAM_50.parquet",
                "clustering/parquet/PANFAM_80.parquet",
                "clustering/parquet/PANFAM_deep.parquet",
                "clustering/parquet/pangenomes",
                "clustering/parquet/pangenomes/PANFAM_p1.parquet",
                "inputs",
                "inputs/metadata",
                "inputs/metadata/collection_metadata.yml",
                "inputs/metadata/pangenome_api_ids.tsv",
                "inputs/pangenome_families.tsv.gz",
                "inputs/test_representatives.faa",
                "pipeline_info",
                "pipeline_info/software_versions.yml",
                "report",
                "report/clustering",
                "report/clustering/custom_content",
                "report/clustering/custom_content/panfam_clustering_mqc.yaml",
                "report/clustering/plots",
                "report/clustering/plots/PANFAM_cluster_reduction_summary.png",
                "report/clustering/plots/PANFAM_cluster_size_bins_combined.png",
                "report/clustering/plots/PANFAM_cluster_size_ccdf.png",
                "report/clustering/plots/PANFAM_cluster_size_distribution.png",
                "report/clustering/plots/PANFAM_cluster_size_ecdf.png",
                "report/clustering/plots/PANFAM_cluster_size_rank_distribution.png",
                "report/clustering/plots/PANFAM_singleton_rates.png",
                "report/clustering/tables",
                "report/clustering/tables/cluster_size_bin_summary.tsv",
                "report/clustering/tables/cluster_size_distribution.tsv",
                "report/clustering/tables/cluster_summary_metrics.tsv",
                "report/multiqc_data",
                "report/multiqc_data/llms-full.txt",
                "report/multiqc_data/multiqc.log",
                "report/multiqc_data/multiqc.parquet",
                "report/multiqc_data/multiqc_citations.txt",
                "report/multiqc_data/multiqc_data.json",
                "report/multiqc_data/multiqc_sources.txt",
                "report/multiqc_report.html"
            ],
            [
                "PANFAM_report.txt:md5,bc84e6af2770c7761b69e0ba07eef7c8",
                "PANFAM_50.faa.gz:md5,4159f1b40a483bae598c081417bb0fc3",
                "PANFAM_80.faa.gz:md5,294e50b812fc5db8f2428181fd5b39af",
                "PANFAM_deep.faa.gz:md5,8381e266f3ba49cdfcacb7ba52acb328",
                "PANFAM_50.parquet:md5,2e298c5bfc390cbf3a4f45ae1e078ddd",
                "PANFAM_80.parquet:md5,be94c8078e6a5f808b23850261966d45",
                "PANFAM_deep.parquet:md5,cbde529939dd3c718066ef92f8c7a151",
                "PANFAM_p1.parquet:md5,717a6d304cd230866f26b967d3d46a73",
                "collection_metadata.yml:md5,122966973ed012d478544c93e2a8df85",
                "pangenome_api_ids.tsv:md5,6d6a5820814e48cd304c1d3fefdfa0de",
                "pangenome_families.tsv.gz:md5,778645e67ed556735a1792a42423c6db",
                "test_representatives.faa:md5,fd2df98112a3a35261fa06e7f8fb95db",
                "panfam_clustering_mqc.yaml:md5,6c80e16d45b4dabcdd7c4261855b9f7c",
                "PANFAM_cluster_reduction_summary.png:md5,196fe31b43a19523e885abe70bc2b81d",
                "PANFAM_cluster_size_bins_combined.png:md5,5674c3d299be89dbdcd07bb3bdca0702",
                "PANFAM_cluster_size_ccdf.png:md5,3399f8f11a1163986f7508404256fe71",
                "PANFAM_cluster_size_distribution.png:md5,a553d9a6a8bd7ff08ae28d35c1eb5fa4",
                "PANFAM_cluster_size_ecdf.png:md5,f95484d72a8307bbaaa46ffaf9d99e7f",
                "PANFAM_cluster_size_rank_distribution.png:md5,bc59d75cc2af687aca0c796c7015d272",
                "PANFAM_singleton_rates.png:md5,43d4a87e8c6e96cf1e62bc49bd661935",
                "cluster_size_bin_summary.tsv:md5,59a37151e5083a0a484e86f3fe57109c",
                "cluster_size_distribution.tsv:md5,c61650b0cb3f8d5e3b6285d5f621ed77",
                "cluster_summary_metrics.tsv:md5,7def00468591260d5c7ae407ce054ff8",
                "multiqc_citations.txt:md5,4c806e63a283ec1b7e78cdae3a923d4f"
            ]
        ],
        "timestamp": "2026-07-31T22:38:56.710634746",
        "meta": {
            "nf-test": "0.9.4",
            "nextflow": "25.10.4"
        }
    }
}